<html>
<body>
<pre>
<h1>µVision Build Log</h1>
<h2>Project:</h2>
C:\Users\Robby Nevels\Desktop\New folder\RASDemo\RASDemo.uvproj
Project File Date:  09/14/2012

<h2>Output:</h2>
Build target 'Target 1'
assembling Startup.s...
compiling Main.c...
Main.c(1): error:  #5: cannot open source input file "utils/uartstdio.h": No such file or directory
Target not created
Build target 'Target 1'
assembling Startup.s...
compiling Main.c...
Main.c(1): error:  #5: cannot open source input file "utils/uartstdio.h": No such file or directory
Target not created
Build target 'Target 1'
assembling Startup.s...
compiling Main.c...
Main.c(1): error:  #5: cannot open source input file "utils/uartstdio.h": No such file or directory
Target not created
Build target 'Target 1'
assembling Startup.s...
compiling Main.c...
..\StellarisWare\driverlib/uart.h(182): error:  #20: identifier "tBoolean" is undefined
..\StellarisWare\driverlib/uart.h(184): error:  #20: identifier "tBoolean" is undefined
..\StellarisWare\driverlib/uart.h(185): error:  #20: identifier "tBoolean" is undefined
..\StellarisWare\driverlib/uart.h(188): error:  #20: identifier "tBoolean" is undefined
..\StellarisWare\driverlib/uart.h(191): error:  #20: identifier "tBoolean" is undefined
..\StellarisWare\driverlib/uart.h(192): error:  #20: identifier "tBoolean" is undefined
..\StellarisWare\driverlib/uart.h(197): error:  #20: identifier "tBoolean" is undefined
..\StellarisWare\driverlib/sysctl.h(413): error:  #20: identifier "tBoolean" is undefined
..\StellarisWare\driverlib/sysctl.h(414): error:  #20: identifier "tBoolean" is undefined
..\StellarisWare\driverlib/sysctl.h(422): error:  #20: identifier "tBoolean" is undefined
..\StellarisWare\driverlib/sysctl.h(428): error:  #20: identifier "tBoolean" is undefined
..\StellarisWare\driverlib/sysctl.h(446): error:  #20: identifier "tBoolean" is undefined
..\StellarisWare\driverlib/sysctl.h(447): error:  #20: identifier "tBoolean" is undefined
..\StellarisWare\driverlib/sysctl.h(448): error:  #20: identifier "tBoolean" is undefined
Main.c(6): warning:  #223-D: function "LockoutProtection" declared implicitly
Main.c(7): warning:  #223-D: function "InitializeMCU" declared implicitly
Main.c(8): warning:  #223-D: function "initUART" declared implicitly
Target not created
Build target 'Target 1'
assembling Startup.s...
compiling Main.c...
Main.c(1): error:  #13: expected a file name
Target not created
Build target 'Target 1'
assembling Startup.s...
compiling Main.c...
..\StellarisWare\driverlib/uart.h(182): error:  #20: identifier "tBoolean" is undefined
..\StellarisWare\driverlib/uart.h(184): error:  #20: identifier "tBoolean" is undefined
..\StellarisWare\driverlib/uart.h(185): error:  #20: identifier "tBoolean" is undefined
..\StellarisWare\driverlib/uart.h(188): error:  #20: identifier "tBoolean" is undefined
..\StellarisWare\driverlib/uart.h(191): error:  #20: identifier "tBoolean" is undefined
..\StellarisWare\driverlib/uart.h(192): error:  #20: identifier "tBoolean" is undefined
..\StellarisWare\driverlib/uart.h(197): error:  #20: identifier "tBoolean" is undefined
..\StellarisWare\driverlib/sysctl.h(413): error:  #20: identifier "tBoolean" is undefined
..\StellarisWare\driverlib/sysctl.h(414): error:  #20: identifier "tBoolean" is undefined
..\StellarisWare\driverlib/sysctl.h(422): error:  #20: identifier "tBoolean" is undefined
..\StellarisWare\driverlib/sysctl.h(428): error:  #20: identifier "tBoolean" is undefined
..\StellarisWare\driverlib/sysctl.h(446): error:  #20: identifier "tBoolean" is undefined
..\StellarisWare\driverlib/sysctl.h(447): error:  #20: identifier "tBoolean" is undefined
..\StellarisWare\driverlib/sysctl.h(448): error:  #20: identifier "tBoolean" is undefined
Main.c(11): warning:  #223-D: function "initUART" declared implicitly
Target not created
Build target 'Target 1'
assembling Startup.s...
compiling Main.c...
..\StellarisWare\driverlib/uart.h(182): error:  #20: identifier "tBoolean" is undefined
..\StellarisWare\driverlib/uart.h(184): error:  #20: identifier "tBoolean" is undefined
..\StellarisWare\driverlib/uart.h(185): error:  #20: identifier "tBoolean" is undefined
..\StellarisWare\driverlib/uart.h(188): error:  #20: identifier "tBoolean" is undefined
..\StellarisWare\driverlib/uart.h(191): error:  #20: identifier "tBoolean" is undefined
..\StellarisWare\driverlib/uart.h(192): error:  #20: identifier "tBoolean" is undefined
..\StellarisWare\driverlib/uart.h(197): error:  #20: identifier "tBoolean" is undefined
..\StellarisWare\driverlib/sysctl.h(413): error:  #20: identifier "tBoolean" is undefined
..\StellarisWare\driverlib/sysctl.h(414): error:  #20: identifier "tBoolean" is undefined
..\StellarisWare\driverlib/sysctl.h(422): error:  #20: identifier "tBoolean" is undefined
..\StellarisWare\driverlib/sysctl.h(428): error:  #20: identifier "tBoolean" is undefined
..\StellarisWare\driverlib/sysctl.h(446): error:  #20: identifier "tBoolean" is undefined
..\StellarisWare\driverlib/sysctl.h(447): error:  #20: identifier "tBoolean" is undefined
..\StellarisWare\driverlib/sysctl.h(448): error:  #20: identifier "tBoolean" is undefined
Target not created
Build target 'Target 1'
assembling Startup.s...
compiling Main.c...
linking...
RASDemo.axf: Error: L6218E: Undefined symbol UARTprintf (referred from main.o).
Target not created
Build target 'Target 1'
assembling Startup.s...
compiling Main.c...
compiling uartstdio.c...
linking...
Program Size: Code=3440 RO-data=236 RW-data=20 ZI-data=356  
"RASDemo.axf" - 0 Error(s), 0 Warning(s).
Build target 'Target 1'
assembling Startup.s...
compiling Main.c...
compiling uartstdio.c...
compiling EncoderDemo.c...
EncoderDemo.c(9): error:  #5: cannot open source input file "RobzDemo.h": No such file or directory
compiling IRSensorDemo.c...
IRSensorDemo.c(10): error:  #5: cannot open source input file "RobzDemo.h": No such file or directory
compiling LineSensorDemo.c...
LineSensorDemo.c(10): error:  #5: cannot open source input file "RobzDemo.h": No such file or directory
compiling MotorDemo.c...
MotorDemo.c(9): error:  #5: cannot open source input file "RobzDemo.h": No such file or directory
compiling ServoDemo.c...
ServoDemo.c(9): error:  #5: cannot open source input file "RobzDemo.h": No such file or directory
compiling UARTDemo.c...
UARTDemo.c(8): error:  #5: cannot open source input file "RobzDemo.h": No such file or directory
Target not created
Build target 'Target 1'
assembling Startup.s...
compiling Main.c...
compiling uartstdio.c...
compiling EncoderDemo.c...
compiling IRSensorDemo.c...
compiling LineSensorDemo.c...
compiling MotorDemo.c...
compiling ServoDemo.c...
compiling UARTDemo.c...
linking...
Program Size: Code=3440 RO-data=236 RW-data=20 ZI-data=356  
"RASDemo.axf" - 0 Error(s), 0 Warning(s).
Build target 'Target 1'
assembling Startup.s...
compiling Main.c...
compiling uartstdio.c...
compiling EncoderDemo.c...
compiling IRSensorDemo.c...
compiling LineSensorDemo.c...
compiling MotorDemo.c...
compiling ServoDemo.c...
compiling UARTDemo.c...
linking...
Program Size: Code=3696 RO-data=236 RW-data=20 ZI-data=356  
"RASDemo.axf" - 0 Error(s), 0 Warning(s).
Load "C:\\Users\\Robby Nevels\\Desktop\\New folder\\RASDemo\\RASDemo.AXF" 
Internal DLL Error
Load "C:\\Users\\Robby Nevels\\Desktop\\New folder\\RASDemo\\RASDemo.AXF" 
Internal DLL Error
Build target 'Target 1'
assembling Startup.s...
compiling Main.c...
compiling uartstdio.c...
compiling EncoderDemo.c...
compiling IRSensorDemo.c...
compiling LineSensorDemo.c...
compiling MotorDemo.c...
compiling ServoDemo.c...
compiling UARTDemo.c...
linking...
Program Size: Code=3696 RO-data=236 RW-data=20 ZI-data=356  
"RASDemo.axf" - 0 Error(s), 0 Warning(s).
Load "C:\\Users\\Robby Nevels\\Desktop\\New folder\\RASDemo\\RASDemo.AXF" 
Connecting: Mode=JTAG, Speed=1000000Hz
Erase Done.
Programming Failed!
Load "C:\\Users\\Robby Nevels\\Desktop\\New folder\\RASDemo\\RASDemo.AXF" 
Connecting: Mode=JTAG, Speed=1000000Hz
Erase Done.
Programming Failed!
Build target 'Target 1'
assembling Startup.s...
compiling Main.c...
compiling uartstdio.c...
compiling EncoderDemo.c...
compiling IRSensorDemo.c...
compiling LineSensorDemo.c...
compiling MotorDemo.c...
compiling ServoDemo.c...
compiling UARTDemo.c...
linking...
Program Size: Code=3696 RO-data=236 RW-data=20 ZI-data=356  
"RASDemo.axf" - 0 Error(s), 0 Warning(s).
Load "C:\\Users\\Robby Nevels\\Desktop\\New folder\\RASDemo\\RASDemo.AXF" 
Warning: OSC to JTAG clock ratio violation - JTAG clock has been automatically adjusted to comply.
Connecting: Mode=JTAG, Speed=600000Hz
Erase Done.
Programming Done.
Verify OK.
Build target 'Target 1'
assembling Startup.s...
compiling Main.c...
Main.c(2): error:  #5: cannot open source input file "RobzDemo.h": No such file or directory
compiling uartstdio.c...
compiling EncoderDemo.c...
compiling IRSensorDemo.c...
compiling LineSensorDemo.c...
compiling MotorDemo.c...
compiling ServoDemo.c...
compiling UARTDemo.c...
Target not created
Build target 'Target 1'
assembling Startup.s...
compiling Main.c...
compiling uartstdio.c...
compiling EncoderDemo.c...
compiling IRSensorDemo.c...
compiling LineSensorDemo.c...
compiling MotorDemo.c...
compiling ServoDemo.c...
compiling UARTDemo.c...
linking...
Program Size: Code=6964 RO-data=236 RW-data=60 ZI-data=356  
"RASDemo.axf" - 0 Error(s), 0 Warning(s).
Load "C:\\Users\\Robby Nevels\\Desktop\\New folder\\RASDemo\\RASDemo.AXF" 
Warning: OSC to JTAG clock ratio violation - JTAG clock has been automatically adjusted to comply.
Connecting: Mode=JTAG, Speed=600000Hz
Erase Done.
Programming Done.
Verify OK.
Build target 'Target 1'
assembling Startup.s...
compiling Main.c...
compiling uartstdio.c...
compiling EncoderDemo.c...
compiling IRSensorDemo.c...
compiling LineSensorDemo.c...
compiling MotorDemo.c...
compiling ServoDemo.c...
compiling UARTDemo.c...
linking...
Program Size: Code=6732 RO-data=236 RW-data=60 ZI-data=260  
"RASDemo.axf" - 0 Error(s), 0 Warning(s).
Load "C:\\Users\\Robby Nevels\\Desktop\\New folder\\RASDemo\\RASDemo.AXF" 
Warning: OSC to JTAG clock ratio violation - JTAG clock has been automatically adjusted to comply.
Connecting: Mode=JTAG, Speed=600000Hz
Erase Done.
Programming Done.
Verify OK.
Build target 'Target 1'
assembling Startup.s...
compiling Main.c...
compiling uartstdio.c...
compiling EncoderDemo.c...
compiling IRSensorDemo.c...
compiling LineSensorDemo.c...
compiling MotorDemo.c...
compiling ServoDemo.c...
compiling UARTDemo.c...
linking...
Program Size: Code=6792 RO-data=236 RW-data=60 ZI-data=260  
"RASDemo.axf" - 0 Error(s), 0 Warning(s).
Load "C:\\Users\\Robby Nevels\\Desktop\\New folder\\RASDemo\\RASDemo.AXF" 
Warning: OSC to JTAG clock ratio violation - JTAG clock has been automatically adjusted to comply.
Connecting: Mode=JTAG, Speed=600000Hz
Erase Done.
Programming Done.
Verify OK.
Build target 'Target 1'
assembling Startup.s...
compiling Main.c...
compiling uartstdio.c...
compiling EncoderDemo.c...
compiling IRSensorDemo.c...
compiling LineSensorDemo.c...
compiling MotorDemo.c...
compiling ServoDemo.c...
compiling UARTDemo.c...
linking...
Program Size: Code=6792 RO-data=236 RW-data=60 ZI-data=260  
"RASDemo.axf" - 0 Error(s), 0 Warning(s).
Load "C:\\Users\\Robby Nevels\\Desktop\\New folder\\RASDemo\\RASDemo.AXF" 
Warning: OSC to JTAG clock ratio violation - JTAG clock has been automatically adjusted to comply.
Connecting: Mode=JTAG, Speed=600000Hz
Erase Done.
Programming Done.
Verify OK.
