ARM Linker, 4.1 [Build 791] [Evaluation]

==============================================================================

Section Cross References

    startup.o(RESET) refers to startup.o(STACK) for StackMem
    startup.o(RESET) refers to encoder.o(i.EncoderInterruptHandler) for EncoderInterruptHandler
    startup.o(RESET) refers to linesensor.o(i.LSIntHandler) for LSIntHandler
    startup.o(RESET) refers to entry.o(.ARM.Collect$$$$00000000) for __main
    main.o(.text) refers to init.o(i.LockoutProtection) for LockoutProtection
    main.o(.text) refers to init.o(i.InitializeMCU) for InitializeMCU
    main.o(.text) refers to uartdemo.o(.text) for initUART
    main.o(.text) refers to uartstdio.o(.text) for UARTprintf
    main.o(.text) refers to motordemo.o(.text) for initMotors
    main.o(.text) refers to servodemo.o(.text) for initServo
    main.o(.text) refers to linesensordemo.o(.text) for initLineSensor
    main.o(.text) refers to irsensordemo.o(.text) for initIRSensor
    main.o(.text) refers to encoderdemo.o(.text) for initEncoders
    uartstdio.o(.text) refers to sysctl.o(i.SysCtlPeripheralPresent) for SysCtlPeripheralPresent
    uartstdio.o(.text) refers to sysctl.o(i.SysCtlPeripheralEnable) for SysCtlPeripheralEnable
    uartstdio.o(.text) refers to sysctl.o(i.SysCtlClockGet) for SysCtlClockGet
    uartstdio.o(.text) refers to uart.o(i.UARTConfigSetExpClk) for UARTConfigSetExpClk
    uartstdio.o(.text) refers to uart.o(i.UARTEnable) for UARTEnable
    uartstdio.o(.text) refers to uart.o(i.UARTCharPut) for UARTCharPut
    uartstdio.o(.text) refers to uart.o(i.UARTCharGet) for UARTCharGet
    uartstdio.o(.text) refers to uartstdio.o(.constdata) for g_ulUARTPeriph
    uartstdio.o(.text) refers to uartstdio.o(.data) for g_ulBase
    uartstdio.o(.constdata) refers to uartstdio.o(.conststring) for .conststring
    encoderdemo.o(.text) refers to encoder.o(i.InitializeEncoders) for InitializeEncoders
    encoderdemo.o(.text) refers to uartstdio.o(.text) for UARTprintf
    encoderdemo.o(.text) refers to encoder.o(i.PresetEncoderCounts) for PresetEncoderCounts
    encoderdemo.o(.text) refers to encoder.o(i.GetEncoderCount) for GetEncoderCount
    encoderdemo.o(.text) refers to encoder.o(i.GetEncoderCounts) for GetEncoderCounts
    encoderdemo.o(.text) refers to uartdemo.o(.text) for keyWasPressed
    irsensordemo.o(.text) refers to sysctl.o(i.SysCtlPeripheralEnable) for SysCtlPeripheralEnable
    irsensordemo.o(.text) refers to adc.o(i.ADCSequenceConfigure) for ADCSequenceConfigure
    irsensordemo.o(.text) refers to adc.o(i.ADCSequenceStepConfigure) for ADCSequenceStepConfigure
    irsensordemo.o(.text) refers to adc.o(i.ADCSequenceEnable) for ADCSequenceEnable
    irsensordemo.o(.text) refers to adc.o(i.ADCProcessorTrigger) for ADCProcessorTrigger
    irsensordemo.o(.text) refers to adc.o(i.ADCIntStatus) for ADCIntStatus
    irsensordemo.o(.text) refers to adc.o(i.ADCSequenceDataGet) for ADCSequenceDataGet
    irsensordemo.o(.text) refers to uartstdio.o(.text) for UARTprintf
    irsensordemo.o(.text) refers to uartdemo.o(.text) for keyWasPressed
    linesensordemo.o(.text) refers to linesensor.o(i.InitializeLineSensor) for InitializeLineSensor
    linesensordemo.o(.text) refers to uartstdio.o(.text) for UARTprintf
    linesensordemo.o(.text) refers to linesensor.o(i.ReadLineSensor) for ReadLineSensor
    linesensordemo.o(.text) refers to uartdemo.o(.text) for keyWasPressed
    motordemo.o(.text) refers to motor.o(i.InitializeMotors) for InitializeMotors
    motordemo.o(.text) refers to uartstdio.o(.text) for UARTprintf
    motordemo.o(.text) refers to uartdemo.o(.text) for getc
    motordemo.o(.text) refers to motor.o(i.SetMotorPowers) for SetMotorPowers
    servodemo.o(.text) refers to servo.o(i.InitializeServos) for InitializeServos
    servodemo.o(.text) refers to uartstdio.o(.text) for UARTprintf
    servodemo.o(.text) refers to uartdemo.o(.text) for getc
    servodemo.o(.text) refers to servo.o(i.SetServoPosition) for SetServoPosition
    uartdemo.o(.text) refers to sysctl.o(i.SysCtlPeripheralEnable) for SysCtlPeripheralEnable
    uartdemo.o(.text) refers to gpio.o(i.GPIOPinTypeUART) for GPIOPinTypeUART
    uartdemo.o(.text) refers to uartstdio.o(.text) for UARTStdioInit
    uartdemo.o(.text) refers to uart.o(i.UARTCharsAvail) for UARTCharsAvail
    adc.o(i.ADCIntRegister) refers to interrupt.o(i.IntRegister) for IntRegister
    adc.o(i.ADCIntRegister) refers to interrupt.o(i.IntEnable) for IntEnable
    adc.o(i.ADCIntUnregister) refers to interrupt.o(i.IntDisable) for IntDisable
    adc.o(i.ADCIntUnregister) refers to interrupt.o(i.IntUnregister) for IntUnregister
    adc.o(i.ADCSoftwareOversampleConfigure) refers to adc.o(.data) for .data
    adc.o(i.ADCSoftwareOversampleDataGet) refers to adc.o(.data) for .data
    adc.o(i.ADCSoftwareOversampleStepConfigure) refers to adc.o(.data) for .data
    gpio.o(i.GPIOPinConfigure) refers to gpio.o(.constdata) for .constdata
    gpio.o(i.GPIOPinTypeADC) refers to gpio.o(i.GPIODirModeSet) for GPIODirModeSet
    gpio.o(i.GPIOPinTypeADC) refers to gpio.o(i.GPIOPadConfigSet) for GPIOPadConfigSet
    gpio.o(i.GPIOPinTypeCAN) refers to gpio.o(i.GPIODirModeSet) for GPIODirModeSet
    gpio.o(i.GPIOPinTypeCAN) refers to gpio.o(i.GPIOPadConfigSet) for GPIOPadConfigSet
    gpio.o(i.GPIOPinTypeComparator) refers to gpio.o(i.GPIODirModeSet) for GPIODirModeSet
    gpio.o(i.GPIOPinTypeComparator) refers to gpio.o(i.GPIOPadConfigSet) for GPIOPadConfigSet
    gpio.o(i.GPIOPinTypeEPI) refers to gpio.o(i.GPIODirModeSet) for GPIODirModeSet
    gpio.o(i.GPIOPinTypeEPI) refers to gpio.o(i.GPIOPadConfigSet) for GPIOPadConfigSet
    gpio.o(i.GPIOPinTypeEthernetLED) refers to gpio.o(i.GPIODirModeSet) for GPIODirModeSet
    gpio.o(i.GPIOPinTypeEthernetLED) refers to gpio.o(i.GPIOPadConfigSet) for GPIOPadConfigSet
    gpio.o(i.GPIOPinTypeGPIOInput) refers to gpio.o(i.GPIODirModeSet) for GPIODirModeSet
    gpio.o(i.GPIOPinTypeGPIOInput) refers to gpio.o(i.GPIOPadConfigSet) for GPIOPadConfigSet
    gpio.o(i.GPIOPinTypeGPIOOutput) refers to gpio.o(i.GPIODirModeSet) for GPIODirModeSet
    gpio.o(i.GPIOPinTypeGPIOOutput) refers to gpio.o(i.GPIOPadConfigSet) for GPIOPadConfigSet
    gpio.o(i.GPIOPinTypeGPIOOutputOD) refers to gpio.o(i.GPIODirModeSet) for GPIODirModeSet
    gpio.o(i.GPIOPinTypeGPIOOutputOD) refers to gpio.o(i.GPIOPadConfigSet) for GPIOPadConfigSet
    gpio.o(i.GPIOPinTypeI2C) refers to gpio.o(i.GPIODirModeSet) for GPIODirModeSet
    gpio.o(i.GPIOPinTypeI2C) refers to gpio.o(i.GPIOPadConfigSet) for GPIOPadConfigSet
    gpio.o(i.GPIOPinTypeI2S) refers to gpio.o(i.GPIODirModeSet) for GPIODirModeSet
    gpio.o(i.GPIOPinTypeI2S) refers to gpio.o(i.GPIOPadConfigSet) for GPIOPadConfigSet
    gpio.o(i.GPIOPinTypePWM) refers to gpio.o(i.GPIODirModeSet) for GPIODirModeSet
    gpio.o(i.GPIOPinTypePWM) refers to gpio.o(i.GPIOPadConfigSet) for GPIOPadConfigSet
    gpio.o(i.GPIOPinTypeQEI) refers to gpio.o(i.GPIODirModeSet) for GPIODirModeSet
    gpio.o(i.GPIOPinTypeQEI) refers to gpio.o(i.GPIOPadConfigSet) for GPIOPadConfigSet
    gpio.o(i.GPIOPinTypeSSI) refers to gpio.o(i.GPIODirModeSet) for GPIODirModeSet
    gpio.o(i.GPIOPinTypeSSI) refers to gpio.o(i.GPIOPadConfigSet) for GPIOPadConfigSet
    gpio.o(i.GPIOPinTypeTimer) refers to gpio.o(i.GPIODirModeSet) for GPIODirModeSet
    gpio.o(i.GPIOPinTypeTimer) refers to gpio.o(i.GPIOPadConfigSet) for GPIOPadConfigSet
    gpio.o(i.GPIOPinTypeUART) refers to gpio.o(i.GPIODirModeSet) for GPIODirModeSet
    gpio.o(i.GPIOPinTypeUART) refers to gpio.o(i.GPIOPadConfigSet) for GPIOPadConfigSet
    gpio.o(i.GPIOPinTypeUSBAnalog) refers to gpio.o(i.GPIODirModeSet) for GPIODirModeSet
    gpio.o(i.GPIOPinTypeUSBAnalog) refers to gpio.o(i.GPIOPadConfigSet) for GPIOPadConfigSet
    gpio.o(i.GPIOPinTypeUSBDigital) refers to gpio.o(i.GPIODirModeSet) for GPIODirModeSet
    gpio.o(i.GPIOPinTypeUSBDigital) refers to gpio.o(i.GPIOPadConfigSet) for GPIOPadConfigSet
    gpio.o(i.GPIOPortIntRegister) refers to gpio.o(i.GPIOGetIntNumber) for GPIOGetIntNumber
    gpio.o(i.GPIOPortIntRegister) refers to interrupt.o(i.IntRegister) for IntRegister
    gpio.o(i.GPIOPortIntRegister) refers to interrupt.o(i.IntEnable) for IntEnable
    gpio.o(i.GPIOPortIntUnregister) refers to gpio.o(i.GPIOGetIntNumber) for GPIOGetIntNumber
    gpio.o(i.GPIOPortIntUnregister) refers to interrupt.o(i.IntDisable) for IntDisable
    gpio.o(i.GPIOPortIntUnregister) refers to interrupt.o(i.IntUnregister) for IntUnregister
    sysctl.o(i.SysCtlClockGet) refers to sysctl.o(.constdata) for .constdata
    sysctl.o(i.SysCtlClockSet) refers to sysctl.o(.emb_text) for SysCtlDelay
    sysctl.o(i.SysCtlDeepSleep) refers to cpu.o(.emb_text) for CPUwfi
    sysctl.o(i.SysCtlI2SMClkSet) refers to sysctl.o(.constdata) for .constdata
    sysctl.o(i.SysCtlIntRegister) refers to interrupt.o(i.IntRegister) for IntRegister
    sysctl.o(i.SysCtlIntRegister) refers to interrupt.o(i.IntEnable) for IntEnable
    sysctl.o(i.SysCtlIntUnregister) refers to interrupt.o(i.IntDisable) for IntDisable
    sysctl.o(i.SysCtlIntUnregister) refers to interrupt.o(i.IntUnregister) for IntUnregister
    sysctl.o(i.SysCtlPeripheralDeepSleepDisable) refers to sysctl.o(.constdata) for .constdata
    sysctl.o(i.SysCtlPeripheralDeepSleepEnable) refers to sysctl.o(.constdata) for .constdata
    sysctl.o(i.SysCtlPeripheralDisable) refers to sysctl.o(.constdata) for .constdata
    sysctl.o(i.SysCtlPeripheralEnable) refers to sysctl.o(.constdata) for .constdata
    sysctl.o(i.SysCtlPeripheralPresent) refers to sysctl.o(.constdata) for .constdata
    sysctl.o(i.SysCtlPeripheralReset) refers to sysctl.o(.constdata) for .constdata
    sysctl.o(i.SysCtlPeripheralSleepDisable) refers to sysctl.o(.constdata) for .constdata
    sysctl.o(i.SysCtlPeripheralSleepEnable) refers to sysctl.o(.constdata) for .constdata
    sysctl.o(i.SysCtlSleep) refers to cpu.o(.emb_text) for CPUwfi
    uart.o(i.UARTIntRegister) refers to interrupt.o(i.IntRegister) for IntRegister
    uart.o(i.UARTIntRegister) refers to interrupt.o(i.IntEnable) for IntEnable
    uart.o(i.UARTIntUnregister) refers to interrupt.o(i.IntDisable) for IntDisable
    uart.o(i.UARTIntUnregister) refers to interrupt.o(i.IntUnregister) for IntUnregister
    init.o(i.InitializeMCU) refers to sysctl.o(i.SysCtlClockSet) for SysCtlClockSet
    init.o(i.InitializeMCU) refers to sysctl.o(i.SysCtlPWMClockSet) for SysCtlPWMClockSet
    init.o(i.InitializeMCU) refers to sysctl.o(i.SysCtlClockGet) for SysCtlClockGet
    init.o(i.InitializeMCU) refers to interrupt.o(i.IntMasterEnable) for IntMasterEnable
    init.o(i.InitializeMCU) refers to init.o(.data) for .data
    init.o(i.LockoutProtection) refers to sysctl.o(i.SysCtlPeripheralEnable) for SysCtlPeripheralEnable
    init.o(i.LockoutProtection) refers to gpio.o(i.GPIOPinTypeGPIOInput) for GPIOPinTypeGPIOInput
    init.o(i.LockoutProtection) refers to gpio.o(i.GPIOPinRead) for GPIOPinRead
    linesensor.o(i.InitializeLineSensor) refers to sysctl.o(i.SysCtlPeripheralEnable) for SysCtlPeripheralEnable
    linesensor.o(i.InitializeLineSensor) refers to gpio.o(i.GPIOPinTypeGPIOInput) for GPIOPinTypeGPIOInput
    linesensor.o(i.InitializeLineSensor) refers to linesensor.o(.data) for .data
    linesensor.o(i.InitializeLineSensorAsync) refers to sysctl.o(i.SysCtlPeripheralEnable) for SysCtlPeripheralEnable
    linesensor.o(i.InitializeLineSensorAsync) refers to gpio.o(i.GPIOPinTypeGPIOInput) for GPIOPinTypeGPIOInput
    linesensor.o(i.InitializeLineSensorAsync) refers to interrupt.o(i.IntMasterEnable) for IntMasterEnable
    linesensor.o(i.InitializeLineSensorAsync) refers to interrupt.o(i.IntEnable) for IntEnable
    linesensor.o(i.InitializeLineSensorAsync) refers to timer.o(i.TimerConfigure) for TimerConfigure
    linesensor.o(i.InitializeLineSensorAsync) refers to linesensor.o(i.LSIntHandler) for LSIntHandler
    linesensor.o(i.InitializeLineSensorAsync) refers to timer.o(i.TimerIntEnable) for TimerIntEnable
    linesensor.o(i.InitializeLineSensorAsync) refers to timer.o(i.TimerEnable) for TimerEnable
    linesensor.o(i.InitializeLineSensorAsync) refers to linesensor.o(.data) for .data
    linesensor.o(i.LSIntHandler) refers to timer.o(i.TimerIntClear) for TimerIntClear
    linesensor.o(i.LSIntHandler) refers to gpio.o(i.GPIOPinRead) for GPIOPinRead
    linesensor.o(i.LSIntHandler) refers to gpio.o(i.GPIOPinTypeGPIOOutput) for GPIOPinTypeGPIOOutput
    linesensor.o(i.LSIntHandler) refers to gpio.o(i.GPIOPinWrite) for GPIOPinWrite
    linesensor.o(i.LSIntHandler) refers to gpio.o(i.GPIOPinTypeGPIOInput) for GPIOPinTypeGPIOInput
    linesensor.o(i.LSIntHandler) refers to timer.o(i.TimerLoadSet) for TimerLoadSet
    linesensor.o(i.LSIntHandler) refers to linesensor.o(.data) for .data
    linesensor.o(i.LSIntHandler) refers to init.o(.data) for g_ulTicksPerUs
    linesensor.o(i.ReadLS) refers to gpio.o(i.GPIOPinRead) for GPIOPinRead
    linesensor.o(i.ReadLineSensor) refers to gpio.o(i.GPIOPinTypeGPIOOutput) for GPIOPinTypeGPIOOutput
    linesensor.o(i.ReadLineSensor) refers to gpio.o(i.GPIOPinWrite) for GPIOPinWrite
    linesensor.o(i.ReadLineSensor) refers to timer.o(i.WaitUS) for WaitUS
    linesensor.o(i.ReadLineSensor) refers to gpio.o(i.GPIOPinTypeGPIOInput) for GPIOPinTypeGPIOInput
    linesensor.o(i.ReadLineSensor) refers to gpio.o(i.GPIOPinRead) for GPIOPinRead
    linesensor.o(i.ReadLineSensor) refers to linesensor.o(.data) for .data
    linesensor.o(i.ReadLineSensorAsync) refers to linesensor.o(.data) for .data
    linesensor.o(i.SetDischargeTime) refers to linesensor.o(.data) for .data
    linesensor.o(i.StartChargingLS) refers to gpio.o(i.GPIOPinTypeGPIOOutput) for GPIOPinTypeGPIOOutput
    linesensor.o(i.StartChargingLS) refers to gpio.o(i.GPIOPinWrite) for GPIOPinWrite
    linesensor.o(i.StartDischargingLS) refers to gpio.o(i.GPIOPinTypeGPIOInput) for GPIOPinTypeGPIOInput
    motor.o(i.InitializeMotors) refers to sysctl.o(i.SysCtlPeripheralEnable) for SysCtlPeripheralEnable
    motor.o(i.InitializeMotors) refers to gpio.o(i.GPIOPinTypePWM) for GPIOPinTypePWM
    motor.o(i.InitializeMotors) refers to gpio.o(i.GPIOPinTypeGPIOOutput) for GPIOPinTypeGPIOOutput
    motor.o(i.InitializeMotors) refers to pwm.o(i.PWMGenConfigure) for PWMGenConfigure
    motor.o(i.InitializeMotors) refers to pwm.o(i.PWMGenPeriodSet) for PWMGenPeriodSet
    motor.o(i.InitializeMotors) refers to pwm.o(i.PWMOutputInvert) for PWMOutputInvert
    motor.o(i.InitializeMotors) refers to pwm.o(i.PWMOutputState) for PWMOutputState
    motor.o(i.InitializeMotors) refers to pwm.o(i.PWMGenEnable) for PWMGenEnable
    motor.o(i.InitializeMotors) refers to pwm.o(i.PWMPulseWidthSet) for PWMPulseWidthSet
    motor.o(i.InitializeMotors) refers to gpio.o(i.GPIOPinWrite) for GPIOPinWrite
    motor.o(i.InitializeMotors) refers to motor.o(.data) for .data
    motor.o(i.SetMotorPower) refers to pwm.o(i.PWMPulseWidthSet) for PWMPulseWidthSet
    motor.o(i.SetMotorPowers) refers to pwm.o(i.PWMPulseWidthSet) for PWMPulseWidthSet
    servo.o(i.InitializeServos) refers to sysctl.o(i.SysCtlPeripheralEnable) for SysCtlPeripheralEnable
    servo.o(i.InitializeServos) refers to gpio.o(i.GPIOPinTypePWM) for GPIOPinTypePWM
    servo.o(i.InitializeServos) refers to pwm.o(i.PWMGenConfigure) for PWMGenConfigure
    servo.o(i.InitializeServos) refers to pwm.o(i.PWMGenPeriodSet) for PWMGenPeriodSet
    servo.o(i.InitializeServos) refers to pwm.o(i.PWMOutputState) for PWMOutputState
    servo.o(i.InitializeServos) refers to pwm.o(i.PWMGenEnable) for PWMGenEnable
    servo.o(i.InitializeServos) refers to pwm.o(i.PWMPulseWidthSet) for PWMPulseWidthSet
    servo.o(i.InitializeServos) refers to init.o(.data) for g_ulPWMTicksPerSecond
    servo.o(i.InitializeServos) refers to servo.o(.data) for .data
    servo.o(i.SetServoPosition) refers to pwm.o(i.PWMPulseWidthSet) for PWMPulseWidthSet
    servo.o(i.SetServoPosition) refers to servo.o(.data) for .data
    encoder.o(i.EncoderInterruptHandler) refers to gpio.o(i.GPIOPinIntStatus) for GPIOPinIntStatus
    encoder.o(i.EncoderInterruptHandler) refers to gpio.o(i.GPIOPinIntClear) for GPIOPinIntClear
    encoder.o(i.EncoderInterruptHandler) refers to gpio.o(i.GPIOPinRead) for GPIOPinRead
    encoder.o(i.EncoderInterruptHandler) refers to encoder.o(.data) for .data
    encoder.o(i.GetEncoderCount) refers to encoder.o(.data) for .data
    encoder.o(i.GetEncoderCounts) refers to encoder.o(.data) for .data
    encoder.o(i.InitializeEncoders) refers to sysctl.o(i.SysCtlPeripheralEnable) for SysCtlPeripheralEnable
    encoder.o(i.InitializeEncoders) refers to gpio.o(i.GPIOPinTypeGPIOInput) for GPIOPinTypeGPIOInput
    encoder.o(i.InitializeEncoders) refers to interrupt.o(i.IntEnable) for IntEnable
    encoder.o(i.InitializeEncoders) refers to gpio.o(i.GPIOIntTypeSet) for GPIOIntTypeSet
    encoder.o(i.InitializeEncoders) refers to gpio.o(i.GPIOPinIntEnable) for GPIOPinIntEnable
    encoder.o(i.InitializeEncoders) refers to encoder.o(.data) for .data
    encoder.o(i.PresetEncoderCount) refers to encoder.o(.data) for .data
    encoder.o(i.PresetEncoderCounts) refers to encoder.o(.data) for .data
    interrupt.o(i.IntMasterDisable) refers to cpu.o(.emb_text) for CPUcpsid
    interrupt.o(i.IntMasterEnable) refers to cpu.o(.emb_text) for CPUcpsie
    interrupt.o(i.IntPriorityGet) refers to interrupt.o(.constdata) for .constdata
    interrupt.o(i.IntPriorityGroupingGet) refers to interrupt.o(.constdata) for .constdata
    interrupt.o(i.IntPriorityGroupingSet) refers to interrupt.o(.constdata) for .constdata
    interrupt.o(i.IntPrioritySet) refers to interrupt.o(.constdata) for .constdata
    interrupt.o(i.IntRegister) refers to interrupt.o(vtable) for vtable
    interrupt.o(i.IntUnregister) refers to interrupt.o(i.IntDefaultHandler) for IntDefaultHandler
    interrupt.o(i.IntUnregister) refers to interrupt.o(vtable) for vtable
    pwm.o(i.PWMFaultIntRegister) refers to interrupt.o(i.IntRegister) for IntRegister
    pwm.o(i.PWMFaultIntRegister) refers to interrupt.o(i.IntEnable) for IntEnable
    pwm.o(i.PWMFaultIntUnregister) refers to interrupt.o(i.IntDisable) for IntDisable
    pwm.o(i.PWMFaultIntUnregister) refers to interrupt.o(i.IntUnregister) for IntUnregister
    pwm.o(i.PWMGenIntRegister) refers to interrupt.o(i.IntRegister) for IntRegister
    pwm.o(i.PWMGenIntRegister) refers to interrupt.o(i.IntEnable) for IntEnable
    pwm.o(i.PWMGenIntUnregister) refers to interrupt.o(i.IntDisable) for IntDisable
    pwm.o(i.PWMGenIntUnregister) refers to interrupt.o(i.IntUnregister) for IntUnregister
    timer.o(i.TimerIntRegister) refers to interrupt.o(i.IntRegister) for IntRegister
    timer.o(i.TimerIntRegister) refers to interrupt.o(i.IntEnable) for IntEnable
    timer.o(i.TimerIntUnregister) refers to interrupt.o(i.IntDisable) for IntDisable
    timer.o(i.TimerIntUnregister) refers to interrupt.o(i.IntUnregister) for IntUnregister
    timer.o(i.TimerQuiesce) refers to interrupt.o(i.IntDisable) for IntDisable
    timer.o(i.TimerQuiesce) refers to interrupt.o(i.IntUnregister) for IntUnregister
    timer.o(i.Wait) refers to sysctl.o(i.SysCtlPeripheralEnable) for SysCtlPeripheralEnable
    timer.o(i.Wait) refers to timer.o(i.TimerConfigure) for TimerConfigure
    timer.o(i.Wait) refers to timer.o(i.TimerLoadSet) for TimerLoadSet
    timer.o(i.Wait) refers to timer.o(i.TimerEnable) for TimerEnable
    timer.o(i.Wait) refers to timer.o(i.TimerValueGet) for TimerValueGet
    timer.o(i.Wait) refers to timer.o(i.TimerDisable) for TimerDisable
    timer.o(i.Wait) refers to timer.o(.data) for .data
    timer.o(i.Wait) refers to init.o(.data) for g_ulTicksPerUs
    timer.o(i.WaitUS) refers to sysctl.o(i.SysCtlPeripheralEnable) for SysCtlPeripheralEnable
    timer.o(i.WaitUS) refers to timer.o(i.TimerConfigure) for TimerConfigure
    timer.o(i.WaitUS) refers to timer.o(i.TimerLoadSet) for TimerLoadSet
    timer.o(i.WaitUS) refers to timer.o(i.TimerEnable) for TimerEnable
    timer.o(i.WaitUS) refers to timer.o(i.TimerValueGet) for TimerValueGet
    timer.o(i.WaitUS) refers to timer.o(i.TimerDisable) for TimerDisable
    timer.o(i.WaitUS) refers to timer.o(.data) for .data
    timer.o(i.WaitUS) refers to init.o(.data) for g_ulTicksPerUs
    entry.o(.ARM.Collect$$$$00000000) refers (Special) to entry7b.o(.ARM.Collect$$$$00000008) for _main_clock
    entry.o(.ARM.Collect$$$$00000000) refers (Special) to entry8.o(.ARM.Collect$$$$00000009) for _main_init
    entry.o(.ARM.Collect$$$$00000000) refers (Special) to entry5.o(.ARM.Collect$$$$00000004) for _main_scatterload
    entry.o(.ARM.Collect$$$$00000000) refers (Special) to entry2.o(.ARM.Collect$$$$00000001) for _main_stk
    entry2.o(.ARM.Collect$$$$00000001) refers to entry2.o(.ARM.Collect$$$$00002712) for __lit__00000000
    entry2.o(.ARM.Collect$$$$00002712) refers to startup.o(STACK) for __initial_sp
    entry2.o(__vectab_stack_and_reset_area) refers to startup.o(STACK) for __initial_sp
    entry2.o(__vectab_stack_and_reset_area) refers to entry.o(.ARM.Collect$$$$00000000) for __main
    entry5.o(.ARM.Collect$$$$00000004) refers to init.o(.text) for __scatterload
    entry8.o(.ARM.Collect$$$$00000009) refers to main.o(.text) for main
    init.o(.text) refers to entry5.o(.ARM.Collect$$$$00000004) for __main_after_scatterload


==============================================================================

Removing Unused input sections from the image.

    Removing startup.o(HEAP), (0 bytes).
    Removing startup.o(.text), (0 bytes).
    Removing adc.o(i.ADCComparatorConfigure), (10 bytes).
    Removing adc.o(i.ADCComparatorIntClear), (4 bytes).
    Removing adc.o(i.ADCComparatorIntDisable), (18 bytes).
    Removing adc.o(i.ADCComparatorIntEnable), (16 bytes).
    Removing adc.o(i.ADCComparatorIntStatus), (4 bytes).
    Removing adc.o(i.ADCComparatorRegionSet), (14 bytes).
    Removing adc.o(i.ADCComparatorReset), (40 bytes).
    Removing adc.o(i.ADCHardwareOversampleConfigure), (14 bytes).
    Removing adc.o(i.ADCIntClear), (10 bytes).
    Removing adc.o(i.ADCIntDisable), (16 bytes).
    Removing adc.o(i.ADCIntEnable), (16 bytes).
    Removing adc.o(i.ADCIntRegister), (38 bytes).
    Removing adc.o(i.ADCIntUnregister), (36 bytes).
    Removing adc.o(i.ADCPhaseDelayGet), (4 bytes).
    Removing adc.o(i.ADCPhaseDelaySet), (4 bytes).
    Removing adc.o(i.ADCReferenceGet), (8 bytes).
    Removing adc.o(i.ADCReferenceSet), (12 bytes).
    Removing adc.o(i.ADCSequenceDisable), (16 bytes).
    Removing adc.o(i.ADCSequenceOverflow), (12 bytes).
    Removing adc.o(i.ADCSequenceOverflowClear), (10 bytes).
    Removing adc.o(i.ADCSequenceUnderflow), (12 bytes).
    Removing adc.o(i.ADCSequenceUnderflowClear), (10 bytes).
    Removing adc.o(i.ADCSoftwareOversampleConfigure), (24 bytes).
    Removing adc.o(i.ADCSoftwareOversampleDataGet), (72 bytes).
    Removing adc.o(i.ADCSoftwareOversampleStepConfigure), (112 bytes).
    Removing adc.o(.data), (3 bytes).
    Removing gpio.o(i.GPIODirModeGet), (34 bytes).
    Removing gpio.o(i.GPIOGetIntNumber), (156 bytes).
    Removing gpio.o(i.GPIOIntTypeGet), (48 bytes).
    Removing gpio.o(i.GPIOPadConfigGet), (140 bytes).
    Removing gpio.o(i.GPIOPinConfigure), (72 bytes).
    Removing gpio.o(i.GPIOPinIntDisable), (14 bytes).
    Removing gpio.o(i.GPIOPinTypeADC), (28 bytes).
    Removing gpio.o(i.GPIOPinTypeCAN), (28 bytes).
    Removing gpio.o(i.GPIOPinTypeComparator), (28 bytes).
    Removing gpio.o(i.GPIOPinTypeEPI), (28 bytes).
    Removing gpio.o(i.GPIOPinTypeEthernetLED), (28 bytes).
    Removing gpio.o(i.GPIOPinTypeGPIOOutputOD), (28 bytes).
    Removing gpio.o(i.GPIOPinTypeI2C), (28 bytes).
    Removing gpio.o(i.GPIOPinTypeI2S), (28 bytes).
    Removing gpio.o(i.GPIOPinTypeQEI), (28 bytes).
    Removing gpio.o(i.GPIOPinTypeSSI), (28 bytes).
    Removing gpio.o(i.GPIOPinTypeTimer), (28 bytes).
    Removing gpio.o(i.GPIOPinTypeUSBAnalog), (28 bytes).
    Removing gpio.o(i.GPIOPinTypeUSBDigital), (28 bytes).
    Removing gpio.o(i.GPIOPortIntRegister), (26 bytes).
    Removing gpio.o(i.GPIOPortIntUnregister), (22 bytes).
    Removing gpio.o(.constdata), (72 bytes).
    Removing sysctl.o(i.SysCtlADCSpeedGet), (16 bytes).
    Removing sysctl.o(i.SysCtlADCSpeedSet), (32 bytes).
    Removing sysctl.o(i.SysCtlBrownOutConfigSet), (16 bytes).
    Removing sysctl.o(i.SysCtlClkVerificationClear), (20 bytes).
    Removing sysctl.o(i.SysCtlDeepSleep), (32 bytes).
    Removing sysctl.o(i.SysCtlFlashSizeGet), (20 bytes).
    Removing sysctl.o(i.SysCtlGPIOAHBDisable), (20 bytes).
    Removing sysctl.o(i.SysCtlGPIOAHBEnable), (16 bytes).
    Removing sysctl.o(i.SysCtlI2SMClkSet), (216 bytes).
    Removing sysctl.o(i.SysCtlIOSCVerificationSet), (24 bytes).
    Removing sysctl.o(i.SysCtlIntClear), (12 bytes).
    Removing sysctl.o(i.SysCtlIntDisable), (16 bytes).
    Removing sysctl.o(i.SysCtlIntEnable), (16 bytes).
    Removing sysctl.o(i.SysCtlIntRegister), (20 bytes).
    Removing sysctl.o(i.SysCtlIntStatus), (16 bytes).
    Removing sysctl.o(i.SysCtlIntUnregister), (18 bytes).
    Removing sysctl.o(i.SysCtlLDOConfigSet), (12 bytes).
    Removing sysctl.o(i.SysCtlLDOGet), (12 bytes).
    Removing sysctl.o(i.SysCtlLDOSet), (12 bytes).
    Removing sysctl.o(i.SysCtlMOSCVerificationSet), (24 bytes).
    Removing sysctl.o(i.SysCtlPLLVerificationSet), (24 bytes).
    Removing sysctl.o(i.SysCtlPWMClockGet), (24 bytes).
    Removing sysctl.o(i.SysCtlPeripheralClockGating), (24 bytes).
    Removing sysctl.o(i.SysCtlPeripheralDeepSleepDisable), (32 bytes).
    Removing sysctl.o(i.SysCtlPeripheralDeepSleepEnable), (32 bytes).
    Removing sysctl.o(i.SysCtlPeripheralDisable), (32 bytes).
    Removing sysctl.o(i.SysCtlPeripheralReset), (56 bytes).
    Removing sysctl.o(i.SysCtlPeripheralSleepDisable), (32 bytes).
    Removing sysctl.o(i.SysCtlPeripheralSleepEnable), (32 bytes).
    Removing sysctl.o(i.SysCtlPinPresent), (16 bytes).
    Removing sysctl.o(i.SysCtlReset), (16 bytes).
    Removing sysctl.o(i.SysCtlResetCauseClear), (16 bytes).
    Removing sysctl.o(i.SysCtlResetCauseGet), (12 bytes).
    Removing sysctl.o(i.SysCtlSRAMSizeGet), (20 bytes).
    Removing sysctl.o(i.SysCtlSleep), (4 bytes).
    Removing sysctl.o(i.SysCtlUSBPLLDisable), (16 bytes).
    Removing sysctl.o(i.SysCtlUSBPLLEnable), (16 bytes).
    Removing uart.o(i.UARTBreakCtl), (18 bytes).
    Removing uart.o(i.UARTBusy), (8 bytes).
    Removing uart.o(i.UARTCharGetNonBlocking), (16 bytes).
    Removing uart.o(i.UARTCharPutNonBlocking), (18 bytes).
    Removing uart.o(i.UARTConfigGetExpClk), (46 bytes).
    Removing uart.o(i.UARTDMADisable), (10 bytes).
    Removing uart.o(i.UARTDMAEnable), (8 bytes).
    Removing uart.o(i.UARTDisable), (30 bytes).
    Removing uart.o(i.UARTDisableSIR), (10 bytes).
    Removing uart.o(i.UARTEnableSIR), (18 bytes).
    Removing uart.o(i.UARTFIFODisable), (10 bytes).
    Removing uart.o(i.UARTFIFOEnable), (10 bytes).
    Removing uart.o(i.UARTFIFOLevelGet), (16 bytes).
    Removing uart.o(i.UARTFIFOLevelSet), (6 bytes).
    Removing uart.o(i.UARTFlowControlGet), (8 bytes).
    Removing uart.o(i.UARTFlowControlSet), (12 bytes).
    Removing uart.o(i.UARTIntClear), (4 bytes).
    Removing uart.o(i.UARTIntDisable), (10 bytes).
    Removing uart.o(i.UARTIntEnable), (8 bytes).
    Removing uart.o(i.UARTIntRegister), (46 bytes).
    Removing uart.o(i.UARTIntStatus), (10 bytes).
    Removing uart.o(i.UARTIntUnregister), (46 bytes).
    Removing uart.o(i.UARTModemControlClear), (14 bytes).
    Removing uart.o(i.UARTModemControlGet), (8 bytes).
    Removing uart.o(i.UARTModemControlSet), (12 bytes).
    Removing uart.o(i.UARTModemStatusGet), (10 bytes).
    Removing uart.o(i.UARTParityModeGet), (8 bytes).
    Removing uart.o(i.UARTParityModeSet), (12 bytes).
    Removing uart.o(i.UARTRxErrorClear), (6 bytes).
    Removing uart.o(i.UARTRxErrorGet), (8 bytes).
    Removing uart.o(i.UARTSmartCardDisable), (10 bytes).
    Removing uart.o(i.UARTSmartCardEnable), (22 bytes).
    Removing uart.o(i.UARTSpaceAvail), (10 bytes).
    Removing uart.o(i.UARTTxIntModeGet), (8 bytes).
    Removing uart.o(i.UARTTxIntModeSet), (12 bytes).
    Removing linesensor.o(i.InitializeLineSensorAsync), (116 bytes).
    Removing linesensor.o(i.ReadLS), (36 bytes).
    Removing linesensor.o(i.ReadLineSensorAsync), (12 bytes).
    Removing linesensor.o(i.SetDischargeTime), (20 bytes).
    Removing linesensor.o(i.StartChargingLS), (56 bytes).
    Removing linesensor.o(i.StartDischargingLS), (32 bytes).
    Removing motor.o(i.SetMotorPower), (24 bytes).
    Removing servo.o(.data), (2 bytes).
    Removing encoder.o(i.PresetEncoderCount), (24 bytes).
    Removing interrupt.o(i.IntDefaultHandler), (2 bytes).
    Removing interrupt.o(i.IntDisable), (104 bytes).
    Removing interrupt.o(i.IntMasterDisable), (10 bytes).
    Removing interrupt.o(i.IntPendClear), (72 bytes).
    Removing interrupt.o(i.IntPendSet), (90 bytes).
    Removing interrupt.o(i.IntPriorityGet), (28 bytes).
    Removing interrupt.o(i.IntPriorityGroupingGet), (40 bytes).
    Removing interrupt.o(i.IntPriorityGroupingSet), (28 bytes).
    Removing interrupt.o(i.IntPrioritySet), (40 bytes).
    Removing interrupt.o(i.IntRegister), (56 bytes).
    Removing interrupt.o(i.IntUnregister), (20 bytes).
    Removing interrupt.o(.constdata), (104 bytes).
    Removing interrupt.o(vtable), (284 bytes).
    Removing pwm.o(i.PWMDeadBandDisable), (12 bytes).
    Removing pwm.o(i.PWMDeadBandEnable), (16 bytes).
    Removing pwm.o(i.PWMFaultIntClear), (8 bytes).
    Removing pwm.o(i.PWMFaultIntClearExt), (4 bytes).
    Removing pwm.o(i.PWMFaultIntRegister), (18 bytes).
    Removing pwm.o(i.PWMFaultIntUnregister), (18 bytes).
    Removing pwm.o(i.PWMGenDisable), (10 bytes).
    Removing pwm.o(i.PWMGenFaultClear), (18 bytes).
    Removing pwm.o(i.PWMGenFaultConfigure), (18 bytes).
    Removing pwm.o(i.PWMGenFaultStatus), (18 bytes).
    Removing pwm.o(i.PWMGenFaultTriggerGet), (12 bytes).
    Removing pwm.o(i.PWMGenFaultTriggerSet), (12 bytes).
    Removing pwm.o(i.PWMGenIntClear), (6 bytes).
    Removing pwm.o(i.PWMGenIntRegister), (34 bytes).
    Removing pwm.o(i.PWMGenIntStatus), (12 bytes).
    Removing pwm.o(i.PWMGenIntTrigDisable), (10 bytes).
    Removing pwm.o(i.PWMGenIntTrigEnable), (10 bytes).
    Removing pwm.o(i.PWMGenIntUnregister), (32 bytes).
    Removing pwm.o(i.PWMGenPeriodGet), (18 bytes).
    Removing pwm.o(i.PWMIntDisable), (10 bytes).
    Removing pwm.o(i.PWMIntEnable), (8 bytes).
    Removing pwm.o(i.PWMIntStatus), (10 bytes).
    Removing pwm.o(i.PWMOutputFault), (16 bytes).
    Removing pwm.o(i.PWMOutputFaultLevel), (16 bytes).
    Removing pwm.o(i.PWMPulseWidthGet), (32 bytes).
    Removing pwm.o(i.PWMSyncTimeBase), (4 bytes).
    Removing pwm.o(i.PWMSyncUpdate), (4 bytes).
    Removing timer.o(i.TimerControlEvent), (24 bytes).
    Removing timer.o(i.TimerControlLevel), (22 bytes).
    Removing timer.o(i.TimerControlStall), (22 bytes).
    Removing timer.o(i.TimerControlTrigger), (22 bytes).
    Removing timer.o(i.TimerControlWaitOnTrigger), (48 bytes).
    Removing timer.o(i.TimerIntDisable), (10 bytes).
    Removing timer.o(i.TimerIntEnable), (8 bytes).
    Removing timer.o(i.TimerIntRegister), (94 bytes).
    Removing timer.o(i.TimerIntStatus), (10 bytes).
    Removing timer.o(i.TimerIntUnregister), (88 bytes).
    Removing timer.o(i.TimerLoadGet), (10 bytes).
    Removing timer.o(i.TimerMatchGet), (10 bytes).
    Removing timer.o(i.TimerMatchSet), (18 bytes).
    Removing timer.o(i.TimerPrescaleGet), (10 bytes).
    Removing timer.o(i.TimerPrescaleMatchGet), (10 bytes).
    Removing timer.o(i.TimerPrescaleMatchSet), (18 bytes).
    Removing timer.o(i.TimerPrescaleSet), (18 bytes).
    Removing timer.o(i.TimerQuiesce), (126 bytes).
    Removing timer.o(i.TimerRTCDisable), (10 bytes).
    Removing timer.o(i.TimerRTCEnable), (10 bytes).
    Removing timer.o(i.Wait), (104 bytes).

192 unused section(s) (total 5243 bytes) removed from the image.

==============================================================================

Image Symbol Table

    Local Symbols

    Symbol Name                              Value     Ov Type        Size  Object(Section)

    RESET                                    0x00000000   Section      268  startup.o(RESET)
    ../../microlib/init/entry.s              0x00000000   Number         0  entry7a.o ABSOLUTE
    ../../microlib/init/entry.s              0x00000000   Number         0  entry5.o ABSOLUTE
    ../../microlib/init/entry.s              0x00000000   Number         0  entry8.o ABSOLUTE
    ../../microlib/init/entry.s              0x00000000   Number         0  entry2.o ABSOLUTE
    ../../microlib/init/entry.s              0x00000000   Number         0  entry.o ABSOLUTE
    ../../microlib/init/entry.s              0x00000000   Number         0  entry7b.o ABSOLUTE
    ..\StellarisWare\utils\uartstdio.c       0x00000000   Number         0  uartstdio.o ABSOLUTE
    EncoderDemo.c                            0x00000000   Number         0  encoderdemo.o ABSOLUTE
    IRSensorDemo.c                           0x00000000   Number         0  irsensordemo.o ABSOLUTE
    LineSensorDemo.c                         0x00000000   Number         0  linesensordemo.o ABSOLUTE
    Main.c                                   0x00000000   Number         0  main.o ABSOLUTE
    MotorDemo.c                              0x00000000   Number         0  motordemo.o ABSOLUTE
    ServoDemo.c                              0x00000000   Number         0  servodemo.o ABSOLUTE
    Startup.s                                0x00000000   Number         0  startup.o ABSOLUTE
    UARTDemo.c                               0x00000000   Number         0  uartdemo.o ABSOLUTE
    adc.c                                    0x00000000   Number         0  adc.o ABSOLUTE
    cpu.c                                    0x00000000   Number         0  cpu.o ABSOLUTE
    cpu.c                                    0x00000000   Number         0  cpu.o ABSOLUTE
    dc.s                                     0x00000000   Number         0  dc.o ABSOLUTE
    encoder.c                                0x00000000   Number         0  encoder.o ABSOLUTE
    gpio.c                                   0x00000000   Number         0  gpio.o ABSOLUTE
    handlers.s                               0x00000000   Number         0  handlers.o ABSOLUTE
    init.c                                   0x00000000   Number         0  init.o ABSOLUTE
    init.s                                   0x00000000   Number         0  init.o ABSOLUTE
    interrupt.c                              0x00000000   Number         0  interrupt.o ABSOLUTE
    linesensor.c                             0x00000000   Number         0  linesensor.o ABSOLUTE
    motor.c                                  0x00000000   Number         0  motor.o ABSOLUTE
    pwm.c                                    0x00000000   Number         0  pwm.o ABSOLUTE
    servo.c                                  0x00000000   Number         0  servo.o ABSOLUTE
    sysctl.c                                 0x00000000   Number         0  sysctl.o ABSOLUTE
    sysctl.c                                 0x00000000   Number         0  sysctl.o ABSOLUTE
    timer.c                                  0x00000000   Number         0  timer.o ABSOLUTE
    timer.c                                  0x00000000   Number         0  timer.o ABSOLUTE
    uart.c                                   0x00000000   Number         0  uart.o ABSOLUTE
    NmiSR                                    0x00000105   Thumb Code     0  startup.o(RESET)
    FaultISR                                 0x00000107   Thumb Code     0  startup.o(RESET)
    IntDefaultHandler                        0x00000109   Thumb Code     0  startup.o(RESET)
    .ARM.Collect$$$$00000000                 0x0000010c   Section        0  entry.o(.ARM.Collect$$$$00000000)
    .ARM.Collect$$$$00000001                 0x0000010c   Section        4  entry2.o(.ARM.Collect$$$$00000001)
    .ARM.Collect$$$$00000004                 0x00000110   Section        4  entry5.o(.ARM.Collect$$$$00000004)
    .ARM.Collect$$$$00000008                 0x00000114   Section        0  entry7b.o(.ARM.Collect$$$$00000008)
    .ARM.Collect$$$$00000009                 0x00000114   Section        8  entry8.o(.ARM.Collect$$$$00000009)
    .ARM.Collect$$$$00002712                 0x0000011c   Section        4  entry2.o(.ARM.Collect$$$$00002712)
    __lit__00000000                          0x0000011c   Data           4  entry2.o(.ARM.Collect$$$$00002712)
    .emb_text                                0x00000120   Section        6  sysctl.o(.emb_text)
    .emb_text                                0x00000128   Section       26  cpu.o(.emb_text)
    .text                                    0x00000144   Section        0  main.o(.text)
    .text                                    0x000002e8   Section        0  uartstdio.o(.text)
    .text                                    0x000006c8   Section        0  encoderdemo.o(.text)
    .text                                    0x00000788   Section        0  irsensordemo.o(.text)
    .text                                    0x0000086c   Section        0  linesensordemo.o(.text)
    .text                                    0x0000092c   Section        0  motordemo.o(.text)
    .text                                    0x00000a20   Section        0  servodemo.o(.text)
    .text                                    0x00000b1c   Section        0  uartdemo.o(.text)
    .text                                    0x00000bf0   Section       36  init.o(.text)
    i.ADCIntStatus                           0x00000c14   Section        0  adc.o(i.ADCIntStatus)
    i.ADCProcessorTrigger                    0x00000c48   Section        0  adc.o(i.ADCProcessorTrigger)
    i.ADCSequenceConfigure                   0x00000c62   Section        0  adc.o(i.ADCSequenceConfigure)
    i.ADCSequenceDataGet                     0x00000c94   Section        0  adc.o(i.ADCSequenceDataGet)
    i.ADCSequenceEnable                      0x00000cb8   Section        0  adc.o(i.ADCSequenceEnable)
    i.ADCSequenceStepConfigure               0x00000cc6   Section        0  adc.o(i.ADCSequenceStepConfigure)
    i.EncoderInterruptHandler                0x00000d34   Section        0  encoder.o(i.EncoderInterruptHandler)
    i.GPIODirModeSet                         0x00000e14   Section        0  gpio.o(i.GPIODirModeSet)
    i.GPIOIntTypeSet                         0x00000e3c   Section        0  gpio.o(i.GPIOIntTypeSet)
    i.GPIOPadConfigSet                       0x00000e76   Section        0  gpio.o(i.GPIOPadConfigSet)
    i.GPIOPinIntClear                        0x00000f26   Section        0  gpio.o(i.GPIOPinIntClear)
    i.GPIOPinIntEnable                       0x00000f2c   Section        0  gpio.o(i.GPIOPinIntEnable)
    i.GPIOPinIntStatus                       0x00000f38   Section        0  gpio.o(i.GPIOPinIntStatus)
    i.GPIOPinRead                            0x00000f46   Section        0  gpio.o(i.GPIOPinRead)
    i.GPIOPinTypeGPIOInput                   0x00000f4c   Section        0  gpio.o(i.GPIOPinTypeGPIOInput)
    i.GPIOPinTypeGPIOOutput                  0x00000f68   Section        0  gpio.o(i.GPIOPinTypeGPIOOutput)
    i.GPIOPinTypePWM                         0x00000f84   Section        0  gpio.o(i.GPIOPinTypePWM)
    i.GPIOPinTypeUART                        0x00000fa0   Section        0  gpio.o(i.GPIOPinTypeUART)
    i.GPIOPinWrite                           0x00000fbc   Section        0  gpio.o(i.GPIOPinWrite)
    i.GetEncoderCount                        0x00000fc4   Section        0  encoder.o(i.GetEncoderCount)
    i.GetEncoderCounts                       0x00000fdc   Section        0  encoder.o(i.GetEncoderCounts)
    i.InitializeEncoders                     0x00000fec   Section        0  encoder.o(i.InitializeEncoders)
    i.InitializeLineSensor                   0x00001078   Section        0  linesensor.o(i.InitializeLineSensor)
    i.InitializeMCU                          0x000010b4   Section        0  init.o(i.InitializeMCU)
    i.InitializeMotors                       0x000010ec   Section        0  motor.o(i.InitializeMotors)
    i.InitializeServos                       0x000011bc   Section        0  servo.o(i.InitializeServos)
    i.IntEnable                              0x000012d0   Section        0  interrupt.o(i.IntEnable)
    i.IntMasterEnable                        0x00001338   Section        0  interrupt.o(i.IntMasterEnable)
    i.LSIntHandler                           0x00001344   Section        0  linesensor.o(i.LSIntHandler)
    i.LockoutProtection                      0x000013f4   Section        0  init.o(i.LockoutProtection)
    i.PWMGenConfigure                        0x00001420   Section        0  pwm.o(i.PWMGenConfigure)
    i.PWMGenEnable                           0x00001446   Section        0  pwm.o(i.PWMGenEnable)
    i.PWMGenPeriodSet                        0x00001450   Section        0  pwm.o(i.PWMGenPeriodSet)
    i.PWMOutputInvert                        0x00001462   Section        0  pwm.o(i.PWMOutputInvert)
    i.PWMOutputState                         0x00001472   Section        0  pwm.o(i.PWMOutputState)
    i.PWMPulseWidthSet                       0x00001482   Section        0  pwm.o(i.PWMPulseWidthSet)
    i.PresetEncoderCounts                    0x000014a4   Section        0  encoder.o(i.PresetEncoderCounts)
    i.ReadLineSensor                         0x000014b0   Section        0  linesensor.o(i.ReadLineSensor)
    i.SetMotorPowers                         0x0000151c   Section        0  motor.o(i.SetMotorPowers)
    i.SetServoPosition                       0x00001554   Section        0  servo.o(i.SetServoPosition)
    i.SysCtlClockGet                         0x00001578   Section        0  sysctl.o(i.SysCtlClockGet)
    i.SysCtlClockSet                         0x0000175c   Section        0  sysctl.o(i.SysCtlClockSet)
    i.SysCtlPWMClockSet                      0x00001894   Section        0  sysctl.o(i.SysCtlPWMClockSet)
    i.SysCtlPeripheralEnable                 0x000018a8   Section        0  sysctl.o(i.SysCtlPeripheralEnable)
    i.SysCtlPeripheralPresent                0x000018c8   Section        0  sysctl.o(i.SysCtlPeripheralPresent)
    i.TimerConfigure                         0x00001908   Section        0  timer.o(i.TimerConfigure)
    i.TimerDisable                           0x00001924   Section        0  timer.o(i.TimerDisable)
    i.TimerEnable                            0x00001934   Section        0  timer.o(i.TimerEnable)
    i.TimerIntClear                          0x00001942   Section        0  timer.o(i.TimerIntClear)
    i.TimerLoadSet                           0x00001946   Section        0  timer.o(i.TimerLoadSet)
    i.TimerValueGet                          0x00001958   Section        0  timer.o(i.TimerValueGet)
    i.UARTCharGet                            0x00001962   Section        0  uart.o(i.UARTCharGet)
    i.UARTCharPut                            0x0000196e   Section        0  uart.o(i.UARTCharPut)
    i.UARTCharsAvail                         0x0000197a   Section        0  uart.o(i.UARTCharsAvail)
    i.UARTConfigSetExpClk                    0x00001984   Section        0  uart.o(i.UARTConfigSetExpClk)
    i.UARTEnable                             0x000019f2   Section        0  uart.o(i.UARTEnable)
    i.WaitUS                                 0x00001a08   Section        0  timer.o(i.WaitUS)
    i.__scatterload_copy                     0x00001a68   Section       14  handlers.o(i.__scatterload_copy)
    i.__scatterload_null                     0x00001a76   Section        2  handlers.o(i.__scatterload_null)
    i.__scatterload_zeroinit                 0x00001a78   Section       14  handlers.o(i.__scatterload_zeroinit)
    .constdata                               0x00001a88   Section       28  uartstdio.o(.constdata)
    g_pcHex                                  0x00001a88   Data           4  uartstdio.o(.constdata)
    g_ulUARTBase                             0x00001a8c   Data          12  uartstdio.o(.constdata)
    g_ulUARTPeriph                           0x00001a98   Data          12  uartstdio.o(.constdata)
    .constdata                               0x00001aa4   Section      156  sysctl.o(.constdata)
    g_pulDCRegs                              0x00001aa4   Data          16  sysctl.o(.constdata)
    g_pulSRCRRegs                            0x00001ab4   Data          12  sysctl.o(.constdata)
    g_pulRCGCRegs                            0x00001ac0   Data          12  sysctl.o(.constdata)
    g_pulSCGCRegs                            0x00001acc   Data          12  sysctl.o(.constdata)
    g_pulDCGCRegs                            0x00001ad8   Data          12  sysctl.o(.constdata)
    g_pulXtals                               0x00001ae4   Data          92  sysctl.o(.constdata)
    .conststring                             0x00001b40   Section       17  uartstdio.o(.conststring)
    .data                                    0x20000000   Section        5  uartstdio.o(.data)
    g_ulBase                                 0x20000000   Data           4  uartstdio.o(.data)
    bLastWasCR                               0x20000004   Data           1  uartstdio.o(.data)
    .data                                    0x20000008   Section       12  init.o(.data)
    .data                                    0x20000014   Section        8  linesensor.o(.data)
    readyToRead                              0x20000014   Data           1  linesensor.o(.data)
    last_ls                                  0x20000015   Data           1  linesensor.o(.data)
    ls_dischargeTime                         0x20000018   Data           4  linesensor.o(.data)
    .data                                    0x2000001c   Section        4  motor.o(.data)
    s_ulMotorPeriod                          0x2000001c   Data           4  motor.o(.data)
    .data                                    0x20000020   Section        8  servo.o(.data)
    us600                                    0x20000020   Data           4  servo.o(.data)
    us2400                                   0x20000024   Data           4  servo.o(.data)
    .data                                    0x20000028   Section       16  encoder.o(.data)
    enc0                                     0x20000028   Data           4  encoder.o(.data)
    enc1                                     0x2000002c   Data           4  encoder.o(.data)
    dir0                                     0x20000030   Data           4  encoder.o(.data)
    dir1                                     0x20000034   Data           4  encoder.o(.data)
    .data                                    0x20000038   Section        1  timer.o(.data)
    isTimerInitialized                       0x20000038   Data           1  timer.o(.data)
    STACK                                    0x20000040   Section      256  startup.o(STACK)
    StackMem                                 0x20000040   Data           0  startup.o(STACK)

    Global Symbols

    Symbol Name                              Value     Ov Type        Size  Object(Section)

    BuildAttributes$$THM_ISAv4$P$D$K$B$S$PE$A:L22UL41UL21$X:L11$S22US41US21$IEEE1$IW$USESV6$~STKCKD$USESV7$~SHL$OTIME$EBA8$MICROLIB$REQ8$PRES8$EABIv2 0x00000000   Number         0  anon$$obj.o ABSOLUTE
    __ARM_use_no_argv                        0x00000000   Number         0  main.o ABSOLUTE
    __Vectors                                0x00000000   Data           0  startup.o(RESET)
    __decompress                              - Undefined Weak Reference
    _clock_init                               - Undefined Weak Reference
    Reset_Handler                            0x00000101   Thumb Code     0  startup.o(RESET)
    __main                                   0x0000010d   Thumb Code     0  entry.o(.ARM.Collect$$$$00000000)
    _main_stk                                0x0000010d   Thumb Code     0  entry2.o(.ARM.Collect$$$$00000001)
    _main_scatterload                        0x00000111   Thumb Code     0  entry5.o(.ARM.Collect$$$$00000004)
    __main_after_scatterload                 0x00000115   Thumb Code     0  entry5.o(.ARM.Collect$$$$00000004)
    _main_clock                              0x00000115   Thumb Code     0  entry7b.o(.ARM.Collect$$$$00000008)
    _main_init                               0x00000115   Thumb Code     0  entry8.o(.ARM.Collect$$$$00000009)
    SysCtlDelay                              0x00000121   Thumb Code     6  sysctl.o(.emb_text)
    CPUcpsid                                 0x00000129   Thumb Code     8  cpu.o(.emb_text)
    CPUprimask                               0x00000131   Thumb Code     6  cpu.o(.emb_text)
    CPUcpsie                                 0x00000137   Thumb Code     8  cpu.o(.emb_text)
    CPUwfi                                   0x0000013f   Thumb Code     4  cpu.o(.emb_text)
    main                                     0x00000145   Thumb Code   178  main.o(.text)
    UARTStdioInitExpClk                      0x000002e9   Thumb Code    72  uartstdio.o(.text)
    UARTStdioInit                            0x00000331   Thumb Code    16  uartstdio.o(.text)
    UARTwrite                                0x00000341   Thumb Code    50  uartstdio.o(.text)
    UARTgets                                 0x00000373   Thumb Code   142  uartstdio.o(.text)
    UARTgetc                                 0x00000401   Thumb Code    14  uartstdio.o(.text)
    UARTprintf                               0x0000040f   Thumb Code   656  uartstdio.o(.text)
    initEncoders                             0x000006c9   Thumb Code    12  encoderdemo.o(.text)
    encoderDemo                              0x000006d5   Thumb Code    82  encoderdemo.o(.text)
    initIRSensor                             0x00000789   Thumb Code    42  irsensordemo.o(.text)
    getADCValue                              0x000007b3   Thumb Code    46  irsensordemo.o(.text)
    IRSensorDemo                             0x000007e1   Thumb Code    48  irsensordemo.o(.text)
    initLineSensor                           0x0000086d   Thumb Code     8  linesensordemo.o(.text)
    lineSensorDemo                           0x00000875   Thumb Code   104  linesensordemo.o(.text)
    initMotors                               0x0000092d   Thumb Code    12  motordemo.o(.text)
    motorDemo                                0x00000939   Thumb Code   148  motordemo.o(.text)
    initServo                                0x00000a21   Thumb Code     8  servodemo.o(.text)
    servoDemo                                0x00000a29   Thumb Code   142  servodemo.o(.text)
    initUART                                 0x00000b1d   Thumb Code    26  uartdemo.o(.text)
    putc                                     0x00000b37   Thumb Code    14  uartdemo.o(.text)
    getc                                     0x00000b45   Thumb Code    12  uartdemo.o(.text)
    uartDemo                                 0x00000b51   Thumb Code    64  uartdemo.o(.text)
    keyWasPressed                            0x00000b91   Thumb Code    18  uartdemo.o(.text)
    __scatterload                            0x00000bf1   Thumb Code    28  init.o(.text)
    __scatterload_rt2                        0x00000bf1   Thumb Code     0  init.o(.text)
    ADCIntStatus                             0x00000c15   Thumb Code    52  adc.o(i.ADCIntStatus)
    ADCProcessorTrigger                      0x00000c49   Thumb Code    26  adc.o(i.ADCProcessorTrigger)
    ADCSequenceConfigure                     0x00000c63   Thumb Code    50  adc.o(i.ADCSequenceConfigure)
    ADCSequenceDataGet                       0x00000c95   Thumb Code    36  adc.o(i.ADCSequenceDataGet)
    ADCSequenceEnable                        0x00000cb9   Thumb Code    14  adc.o(i.ADCSequenceEnable)
    ADCSequenceStepConfigure                 0x00000cc7   Thumb Code   110  adc.o(i.ADCSequenceStepConfigure)
    EncoderInterruptHandler                  0x00000d35   Thumb Code   206  encoder.o(i.EncoderInterruptHandler)
    GPIODirModeSet                           0x00000e15   Thumb Code    40  gpio.o(i.GPIODirModeSet)
    GPIOIntTypeSet                           0x00000e3d   Thumb Code    58  gpio.o(i.GPIOIntTypeSet)
    GPIOPadConfigSet                         0x00000e77   Thumb Code   176  gpio.o(i.GPIOPadConfigSet)
    GPIOPinIntClear                          0x00000f27   Thumb Code     6  gpio.o(i.GPIOPinIntClear)
    GPIOPinIntEnable                         0x00000f2d   Thumb Code    12  gpio.o(i.GPIOPinIntEnable)
    GPIOPinIntStatus                         0x00000f39   Thumb Code    14  gpio.o(i.GPIOPinIntStatus)
    GPIOPinRead                              0x00000f47   Thumb Code     6  gpio.o(i.GPIOPinRead)
    GPIOPinTypeGPIOInput                     0x00000f4d   Thumb Code    28  gpio.o(i.GPIOPinTypeGPIOInput)
    GPIOPinTypeGPIOOutput                    0x00000f69   Thumb Code    28  gpio.o(i.GPIOPinTypeGPIOOutput)
    GPIOPinTypePWM                           0x00000f85   Thumb Code    28  gpio.o(i.GPIOPinTypePWM)
    GPIOPinTypeUART                          0x00000fa1   Thumb Code    28  gpio.o(i.GPIOPinTypeUART)
    GPIOPinWrite                             0x00000fbd   Thumb Code     6  gpio.o(i.GPIOPinWrite)
    GetEncoderCount                          0x00000fc5   Thumb Code    20  encoder.o(i.GetEncoderCount)
    GetEncoderCounts                         0x00000fdd   Thumb Code    12  encoder.o(i.GetEncoderCounts)
    InitializeEncoders                       0x00000fed   Thumb Code   118  encoder.o(i.InitializeEncoders)
    InitializeLineSensor                     0x00001079   Thumb Code    40  linesensor.o(i.InitializeLineSensor)
    InitializeMCU                            0x000010b5   Thumb Code    44  init.o(i.InitializeMCU)
    InitializeMotors                         0x000010ed   Thumb Code   176  motor.o(i.InitializeMotors)
    InitializeServos                         0x000011bd   Thumb Code   244  servo.o(i.InitializeServos)
    IntEnable                                0x000012d1   Thumb Code   104  interrupt.o(i.IntEnable)
    IntMasterEnable                          0x00001339   Thumb Code    10  interrupt.o(i.IntMasterEnable)
    LSIntHandler                             0x00001345   Thumb Code   154  linesensor.o(i.LSIntHandler)
    LockoutProtection                        0x000013f5   Thumb Code    34  init.o(i.LockoutProtection)
    PWMGenConfigure                          0x00001421   Thumb Code    38  pwm.o(i.PWMGenConfigure)
    PWMGenEnable                             0x00001447   Thumb Code    10  pwm.o(i.PWMGenEnable)
    PWMGenPeriodSet                          0x00001451   Thumb Code    18  pwm.o(i.PWMGenPeriodSet)
    PWMOutputInvert                          0x00001463   Thumb Code    16  pwm.o(i.PWMOutputInvert)
    PWMOutputState                           0x00001473   Thumb Code    16  pwm.o(i.PWMOutputState)
    PWMPulseWidthSet                         0x00001483   Thumb Code    32  pwm.o(i.PWMPulseWidthSet)
    PresetEncoderCounts                      0x000014a5   Thumb Code     8  encoder.o(i.PresetEncoderCounts)
    ReadLineSensor                           0x000014b1   Thumb Code    96  linesensor.o(i.ReadLineSensor)
    SetMotorPowers                           0x0000151d   Thumb Code    52  motor.o(i.SetMotorPowers)
    SetServoPosition                         0x00001555   Thumb Code    26  servo.o(i.SetServoPosition)
    SysCtlClockGet                           0x00001579   Thumb Code   438  sysctl.o(i.SysCtlClockGet)
    SysCtlClockSet                           0x0000175d   Thumb Code   288  sysctl.o(i.SysCtlClockSet)
    SysCtlPWMClockSet                        0x00001895   Thumb Code    14  sysctl.o(i.SysCtlPWMClockSet)
    SysCtlPeripheralEnable                   0x000018a9   Thumb Code    26  sysctl.o(i.SysCtlPeripheralEnable)
    SysCtlPeripheralPresent                  0x000018c9   Thumb Code    50  sysctl.o(i.SysCtlPeripheralPresent)
    TimerConfigure                           0x00001909   Thumb Code    28  timer.o(i.TimerConfigure)
    TimerDisable                             0x00001925   Thumb Code    16  timer.o(i.TimerDisable)
    TimerEnable                              0x00001935   Thumb Code    14  timer.o(i.TimerEnable)
    TimerIntClear                            0x00001943   Thumb Code     4  timer.o(i.TimerIntClear)
    TimerLoadSet                             0x00001947   Thumb Code    18  timer.o(i.TimerLoadSet)
    TimerValueGet                            0x00001959   Thumb Code    10  timer.o(i.TimerValueGet)
    UARTCharGet                              0x00001963   Thumb Code    12  uart.o(i.UARTCharGet)
    UARTCharPut                              0x0000196f   Thumb Code    12  uart.o(i.UARTCharPut)
    UARTCharsAvail                           0x0000197b   Thumb Code    10  uart.o(i.UARTCharsAvail)
    UARTConfigSetExpClk                      0x00001985   Thumb Code   110  uart.o(i.UARTConfigSetExpClk)
    UARTEnable                               0x000019f3   Thumb Code    20  uart.o(i.UARTEnable)
    WaitUS                                   0x00001a09   Thumb Code    80  timer.o(i.WaitUS)
    __scatterload_copy                       0x00001a69   Thumb Code    14  handlers.o(i.__scatterload_copy)
    __scatterload_null                       0x00001a77   Thumb Code     2  handlers.o(i.__scatterload_null)
    __scatterload_zeroinit                   0x00001a79   Thumb Code    14  handlers.o(i.__scatterload_zeroinit)
    Region$$Table$$Base                      0x00001b54   Number         0  anon$$obj.o(Region$$Table)
    Region$$Table$$Limit                     0x00001b74   Number         0  anon$$obj.o(Region$$Table)
    g_ulTicksPerSecond                       0x20000008   Data           4  init.o(.data)
    g_ulTicksPerUs                           0x2000000c   Data           4  init.o(.data)
    g_ulPWMTicksPerSecond                    0x20000010   Data           4  init.o(.data)
    __initial_sp                             0x20000140   Data           0  startup.o(STACK)



==============================================================================

Memory Map of the image

  Image Entry point : 0x00000101

  Load Region LR_1 (Base: 0x00000000, Size: 0x00001bb0, Max: 0xffffffff, ABSOLUTE)

    Execution Region ER_RO (Base: 0x00000000, Size: 0x00001b74, Max: 0xffffffff, ABSOLUTE)

    Base Addr    Size         Type   Attr      Idx    E Section Name        Object

    0x00000000   0x0000010c   Code   RO            3  * RESET               startup.o
    0x0000010c   0x00000000   Code   RO         1848  * .ARM.Collect$$$$00000000  mc_w.l(entry.o)
    0x0000010c   0x00000004   Code   RO         1851    .ARM.Collect$$$$00000001  mc_w.l(entry2.o)
    0x00000110   0x00000004   Code   RO         1854    .ARM.Collect$$$$00000004  mc_w.l(entry5.o)
    0x00000114   0x00000000   Code   RO         1856    .ARM.Collect$$$$00000008  mc_w.l(entry7b.o)
    0x00000114   0x00000008   Code   RO         1857    .ARM.Collect$$$$00000009  mc_w.l(entry8.o)
    0x0000011c   0x00000004   Code   RO         1852    .ARM.Collect$$$$00002712  mc_w.l(entry2.o)
    0x00000120   0x00000006   Code   RO          609    .emb_text           driverlib.lib(sysctl.o)
    0x00000126   0x00000002   PAD
    0x00000128   0x0000001a   Code   RO         1352    .emb_text           driverlib.lib(cpu.o)
    0x00000142   0x00000002   PAD
    0x00000144   0x000001a4   Code   RO            9    .text               main.o
    0x000002e8   0x000003e0   Code   RO           38    .text               uartstdio.o
    0x000006c8   0x000000c0   Code   RO           78    .text               encoderdemo.o
    0x00000788   0x000000e4   Code   RO           96    .text               irsensordemo.o
    0x0000086c   0x000000c0   Code   RO          111    .text               linesensordemo.o
    0x0000092c   0x000000f4   Code   RO          135    .text               motordemo.o
    0x00000a20   0x000000fc   Code   RO          153    .text               servodemo.o
    0x00000b1c   0x000000d4   Code   RO          168    .text               uartdemo.o
    0x00000bf0   0x00000024   Code   RO         1858    .text               mc_w.l(init.o)
    0x00000c14   0x00000034   Code   RO          192    i.ADCIntStatus      driverlib.lib(adc.o)
    0x00000c48   0x0000001a   Code   RO          196    i.ADCProcessorTrigger  driverlib.lib(adc.o)
    0x00000c62   0x00000032   Code   RO          199    i.ADCSequenceConfigure  driverlib.lib(adc.o)
    0x00000c94   0x00000024   Code   RO          200    i.ADCSequenceDataGet  driverlib.lib(adc.o)
    0x00000cb8   0x0000000e   Code   RO          202    i.ADCSequenceEnable  driverlib.lib(adc.o)
    0x00000cc6   0x0000006e   Code   RO          205    i.ADCSequenceStepConfigure  driverlib.lib(adc.o)
    0x00000d34   0x000000e0   Code   RO         1305    i.EncoderInterruptHandler  raslib.lib(encoder.o)
    0x00000e14   0x00000028   Code   RO          396    i.GPIODirModeSet    driverlib.lib(gpio.o)
    0x00000e3c   0x0000003a   Code   RO          399    i.GPIOIntTypeSet    driverlib.lib(gpio.o)
    0x00000e76   0x000000b0   Code   RO          401    i.GPIOPadConfigSet  driverlib.lib(gpio.o)
    0x00000f26   0x00000006   Code   RO          403    i.GPIOPinIntClear   driverlib.lib(gpio.o)
    0x00000f2c   0x0000000c   Code   RO          405    i.GPIOPinIntEnable  driverlib.lib(gpio.o)
    0x00000f38   0x0000000e   Code   RO          406    i.GPIOPinIntStatus  driverlib.lib(gpio.o)
    0x00000f46   0x00000006   Code   RO          407    i.GPIOPinRead       driverlib.lib(gpio.o)
    0x00000f4c   0x0000001c   Code   RO          413    i.GPIOPinTypeGPIOInput  driverlib.lib(gpio.o)
    0x00000f68   0x0000001c   Code   RO          414    i.GPIOPinTypeGPIOOutput  driverlib.lib(gpio.o)
    0x00000f84   0x0000001c   Code   RO          418    i.GPIOPinTypePWM    driverlib.lib(gpio.o)
    0x00000fa0   0x0000001c   Code   RO          422    i.GPIOPinTypeUART   driverlib.lib(gpio.o)
    0x00000fbc   0x00000006   Code   RO          425    i.GPIOPinWrite      driverlib.lib(gpio.o)
    0x00000fc2   0x00000002   PAD
    0x00000fc4   0x00000018   Code   RO         1306    i.GetEncoderCount   raslib.lib(encoder.o)
    0x00000fdc   0x00000010   Code   RO         1307    i.GetEncoderCounts  raslib.lib(encoder.o)
    0x00000fec   0x0000008c   Code   RO         1308    i.InitializeEncoders  raslib.lib(encoder.o)
    0x00001078   0x0000003c   Code   RO         1170    i.InitializeLineSensor  raslib.lib(linesensor.o)
    0x000010b4   0x00000038   Code   RO         1134    i.InitializeMCU     raslib.lib(init.o)
    0x000010ec   0x000000d0   Code   RO         1249    i.InitializeMotors  raslib.lib(motor.o)
    0x000011bc   0x00000114   Code   RO         1280    i.InitializeServos  raslib.lib(servo.o)
    0x000012d0   0x00000068   Code   RO         1364    i.IntEnable         driverlib.lib(interrupt.o)
    0x00001338   0x0000000a   Code   RO         1366    i.IntMasterEnable   driverlib.lib(interrupt.o)
    0x00001342   0x00000002   PAD
    0x00001344   0x000000b0   Code   RO         1172    i.LSIntHandler      raslib.lib(linesensor.o)
    0x000013f4   0x0000002c   Code   RO         1135    i.LockoutProtection  raslib.lib(init.o)
    0x00001420   0x00000026   Code   RO         1454    i.PWMGenConfigure   driverlib.lib(pwm.o)
    0x00001446   0x0000000a   Code   RO         1456    i.PWMGenEnable      driverlib.lib(pwm.o)
    0x00001450   0x00000012   Code   RO         1469    i.PWMGenPeriodSet   driverlib.lib(pwm.o)
    0x00001462   0x00000010   Code   RO         1475    i.PWMOutputInvert   driverlib.lib(pwm.o)
    0x00001472   0x00000010   Code   RO         1476    i.PWMOutputState    driverlib.lib(pwm.o)
    0x00001482   0x00000020   Code   RO         1478    i.PWMPulseWidthSet  driverlib.lib(pwm.o)
    0x000014a2   0x00000002   PAD
    0x000014a4   0x0000000c   Code   RO         1310    i.PresetEncoderCounts  raslib.lib(encoder.o)
    0x000014b0   0x0000006c   Code   RO         1174    i.ReadLineSensor    raslib.lib(linesensor.o)
    0x0000151c   0x00000038   Code   RO         1251    i.SetMotorPowers    raslib.lib(motor.o)
    0x00001554   0x00000024   Code   RO         1281    i.SetServoPosition  raslib.lib(servo.o)
    0x00001578   0x000001e4   Code   RO          614    i.SysCtlClockGet    driverlib.lib(sysctl.o)
    0x0000175c   0x00000138   Code   RO          615    i.SysCtlClockSet    driverlib.lib(sysctl.o)
    0x00001894   0x00000014   Code   RO          634    i.SysCtlPWMClockSet  driverlib.lib(sysctl.o)
    0x000018a8   0x00000020   Code   RO          639    i.SysCtlPeripheralEnable  driverlib.lib(sysctl.o)
    0x000018c8   0x00000040   Code   RO          640    i.SysCtlPeripheralPresent  driverlib.lib(sysctl.o)
    0x00001908   0x0000001c   Code   RO         1658    i.TimerConfigure    driverlib.lib(timer.o)
    0x00001924   0x00000010   Code   RO         1664    i.TimerDisable      driverlib.lib(timer.o)
    0x00001934   0x0000000e   Code   RO         1665    i.TimerEnable       driverlib.lib(timer.o)
    0x00001942   0x00000004   Code   RO         1666    i.TimerIntClear     driverlib.lib(timer.o)
    0x00001946   0x00000012   Code   RO         1673    i.TimerLoadSet      driverlib.lib(timer.o)
    0x00001958   0x0000000a   Code   RO         1683    i.TimerValueGet     driverlib.lib(timer.o)
    0x00001962   0x0000000c   Code   RO          885    i.UARTCharGet       driverlib.lib(uart.o)
    0x0000196e   0x0000000c   Code   RO          887    i.UARTCharPut       driverlib.lib(uart.o)
    0x0000197a   0x0000000a   Code   RO          889    i.UARTCharsAvail    driverlib.lib(uart.o)
    0x00001984   0x0000006e   Code   RO          891    i.UARTConfigSetExpClk  driverlib.lib(uart.o)
    0x000019f2   0x00000014   Code   RO          896    i.UARTEnable        driverlib.lib(uart.o)
    0x00001a06   0x00000002   PAD
    0x00001a08   0x00000060   Code   RO         1827    i.WaitUS            raslib.lib(timer.o)
    0x00001a68   0x0000000e   Code   RO         1862    i.__scatterload_copy  mc_w.l(handlers.o)
    0x00001a76   0x00000002   Code   RO         1863    i.__scatterload_null  mc_w.l(handlers.o)
    0x00001a78   0x0000000e   Code   RO         1864    i.__scatterload_zeroinit  mc_w.l(handlers.o)
    0x00001a86   0x00000002   PAD
    0x00001a88   0x0000001c   Data   RO           39    .constdata          uartstdio.o
    0x00001aa4   0x0000009c   Data   RO          652    .constdata          driverlib.lib(sysctl.o)
    0x00001b40   0x00000011   Data   RO           40    .conststring        uartstdio.o
    0x00001b51   0x00000003   PAD
    0x00001b54   0x00000020   Data   RO         1860    Region$$Table       anon$$obj.o


    Execution Region ER_RW (Base: 0x20000000, Size: 0x0000003c, Max: 0xffffffff, ABSOLUTE)

    Base Addr    Size         Type   Attr      Idx    E Section Name        Object

    0x20000000   0x00000005   Data   RW           41    .data               uartstdio.o
    0x20000005   0x00000003   PAD
    0x20000008   0x0000000c   Data   RW         1136    .data               raslib.lib(init.o)
    0x20000014   0x00000008   Data   RW         1179    .data               raslib.lib(linesensor.o)
    0x2000001c   0x00000004   Data   RW         1252    .data               raslib.lib(motor.o)
    0x20000020   0x00000008   Data   RW         1282    .data               raslib.lib(servo.o)
    0x20000028   0x00000010   Data   RW         1311    .data               raslib.lib(encoder.o)
    0x20000038   0x00000001   Data   RW         1828    .data               raslib.lib(timer.o)


    Execution Region ER_ZI (Base: 0x2000003c, Size: 0x00000104, Max: 0xffffffff, ABSOLUTE)

    Base Addr    Size         Type   Attr      Idx    E Section Name        Object

    0x2000003c   0x00000004   PAD
    0x20000040   0x00000100   Zero   RW            1    STACK               startup.o


==============================================================================

Image component sizes


      Code (inc. data)   RO Data    RW Data    ZI Data      Debug   Object Name

       192         98          0          0          0        635   encoderdemo.o
       228         92          0          0          0        788   irsensordemo.o
       192         80          0          0          0        788   linesensordemo.o
       420        242          0          0          0       1995   main.o
       244         84          0          0          0        835   motordemo.o
       252        102          0          0          0        742   servodemo.o
       268        258          0          0        256        216   startup.o
       212         78          0          0          0       1152   uartdemo.o
       992         42         45          5          0       3899   uartstdio.o

    ----------------------------------------------------------------------
      3000       1076         80          8        256      11050   Object Totals
         0          0         32          0          0          0   (incl. Generated)
         0          0          3          3          0          0   (incl. Padding)

    ----------------------------------------------------------------------

      Code (inc. data)   RO Data    RW Data    ZI Data      Debug   Library Member Name

       288          0          0          0          0       6092   adc.o
        26          0          0          0          0        316   cpu.o
       430          0          0          0          0       6936   gpio.o
       114          0          0          0          0        994   interrupt.o
       130          0          0          0          0       3021   pwm.o
       918         96        156          0          0       4733   sysctl.o
        90          0          0          0          0       2797   timer.o
       164          0          0          0          0       3048   uart.o
         0          0          0          0          0          0   entry.o
         8          4          0          0          0          0   entry2.o
         4          0          0          0          0          0   entry5.o
         0          0          0          0          0          0   entry7b.o
         8          4          0          0          0          0   entry8.o
        30          0          0          0          0          0   handlers.o
        36          8          0          0          0         68   init.o
       416         52          0         16          0       3670   encoder.o
       100         22          0         12          0       3562   init.o
       344         54          0          8          0       2792   linesensor.o
       264         36          0          4          0       2178   motor.o
       312         42          0          8          0       2162   servo.o
        96         16          0          1          0        861   timer.o

    ----------------------------------------------------------------------
      3792        334        156         52          4      43230   Library Totals
        14          0          0          3          4          0   (incl. Padding)

    ----------------------------------------------------------------------

      Code (inc. data)   RO Data    RW Data    ZI Data      Debug   Library Name

      2160         96        156          0          0      27937   driverlib.lib
        86         16          0          0          0         68   mc_w.l
      1532        222          0         49          0      15225   raslib.lib

    ----------------------------------------------------------------------
      3792        334        156         52          4      43230   Library Totals

    ----------------------------------------------------------------------

==============================================================================


      Code (inc. data)   RO Data    RW Data    ZI Data      Debug   

      6792       1410        236         60        260      51342   Grand Totals
      6792       1410        236         60        260      51342   ELF Image Totals
      6792       1410        236         60          0          0   ROM Totals

==============================================================================

    Total RO  Size (Code + RO Data)                 7028 (   6.86kB)
    Total RW  Size (RW Data + ZI Data)               320 (   0.31kB)
    Total ROM Size (Code + RO Data + RW Data)       7088 (   6.92kB)

==============================================================================

